digraph G {rankdir=TB;workflow[label="Workflow Id: beta-one-second-functional-test"];node[style=filled];"start-node(start)" [shape=Msquare];}